../Core/Src/main.c:144:7:HAL_SPI_TxRxCpltCallback	24	static,ignoring_inline_asm
../Core/Src/main.c:167:7:sr04_trigger	16	static
../Core/Src/main.c:182:7:sr04_measure	24	static
../Core/Src/main.c:200:7:HAL_GPIO_EXTI_Callback	16	static
../Core/Src/main.c:206:7:DelayUS	24	static
../Core/Src/main.c:211:7:DHT11_Start	24	static
../Core/Src/main.c:228:10:DHT11_Check_Response	16	static
../Core/Src/main.c:243:10:DHT11_Read	16	static
../Core/Src/main.c:266:5:main	8	static
../Core/Src/main.c:375:6:SystemClock_Config	72	static
../Core/Src/main.c:415:13:MX_SPI1_Init	8	static
../Core/Src/main.c:452:13:MX_TIM2_Init	32	static
../Core/Src/main.c:497:13:MX_TIM3_Init	32	static
../Core/Src/main.c:542:13:MX_GPIO_Init	40	static
../Core/Src/main.c:611:6:StartDefaultTask	16	static
../Core/Src/main.c:629:6:StartTaskSPI_Transaction	24	static
../Core/Src/main.c:656:6:StartTaskDHT11	32	static
../Core/Src/main.c:688:6:StartTaskHCSR04	24	static
../Core/Src/main.c:712:6:HAL_TIM_PeriodElapsedCallback	16	static
../Core/Src/main.c:730:6:Error_Handler	4	static,ignoring_inline_asm
