../Core/Src/main.c:144:7:HAL_SPI_TxRxCpltCallback	7
../Core/Src/main.c:167:7:sr04_trigger	3
../Core/Src/main.c:182:7:sr04_measure	3
../Core/Src/main.c:200:7:HAL_GPIO_EXTI_Callback	2
../Core/Src/main.c:206:7:DelayUS	2
../Core/Src/main.c:211:7:DHT11_Start	1
../Core/Src/main.c:228:10:DHT11_Check_Response	4
../Core/Src/main.c:243:10:DHT11_Read	5
../Core/Src/main.c:266:5:main	1
../Core/Src/main.c:375:6:SystemClock_Config	3
../Core/Src/main.c:415:13:MX_SPI1_Init	2
../Core/Src/main.c:452:13:MX_TIM2_Init	4
../Core/Src/main.c:497:13:MX_TIM3_Init	4
../Core/Src/main.c:542:13:MX_GPIO_Init	1
../Core/Src/main.c:611:6:StartDefaultTask	1
../Core/Src/main.c:629:6:StartTaskSPI_Transaction	1
../Core/Src/main.c:656:6:StartTaskDHT11	1
../Core/Src/main.c:688:6:StartTaskHCSR04	1
../Core/Src/main.c:712:6:HAL_TIM_PeriodElapsedCallback	2
../Core/Src/main.c:730:6:Error_Handler	1
