../Core/Src/main.c:113:7:HAL_SPI_RxCpltCallback	24	static,ignoring_inline_asm
../Core/Src/main.c:132:7:DHT11_Start	24	static
../Core/Src/main.c:148:10:DHT11_Check_Response	16	static
../Core/Src/main.c:163:10:DHT11_Read	16	static
../Core/Src/main.c:185:5:main	8	static
../Core/Src/main.c:284:6:SystemClock_Config	72	static
../Core/Src/main.c:321:13:MX_SPI1_Init	8	static
../Core/Src/main.c:358:13:MX_GPIO_Init	40	static
../Core/Src/main.c:407:6:StartDefaultTask	16	static
../Core/Src/main.c:425:6:Start_SPI_Transmit	24	static
../Core/Src/main.c:453:6:Start_SPI_Recieve	16	static
../Core/Src/main.c:472:6:StartTaskDHT11	32	static
../Core/Src/main.c:513:6:HAL_TIM_PeriodElapsedCallback	16	static
../Core/Src/main.c:531:6:Error_Handler	4	static,ignoring_inline_asm
