../Core/Src/main.c:113:7:HAL_SPI_RxCpltCallback	3
../Core/Src/main.c:132:7:DHT11_Start	1
../Core/Src/main.c:148:10:DHT11_Check_Response	4
../Core/Src/main.c:163:10:DHT11_Read	5
../Core/Src/main.c:185:5:main	1
../Core/Src/main.c:284:6:SystemClock_Config	3
../Core/Src/main.c:321:13:MX_SPI1_Init	2
../Core/Src/main.c:358:13:MX_GPIO_Init	1
../Core/Src/main.c:407:6:StartDefaultTask	1
../Core/Src/main.c:425:6:Start_SPI_Transmit	2
../Core/Src/main.c:453:6:Start_SPI_Recieve	1
../Core/Src/main.c:472:6:StartTaskDHT11	2
../Core/Src/main.c:513:6:HAL_TIM_PeriodElapsedCallback	2
../Core/Src/main.c:531:6:Error_Handler	1
