../Core/Src/main.c:124:6:HAL_SPI_TxRxCpltCallback	3
../Core/Src/main.c:164:6:sendData	3
../Core/Src/main.c:176:6:initLCD	1
../Core/Src/main.c:210:6:clearLCD	1
../Core/Src/main.c:219:6:writeLCD	1
../Core/Src/main.c:227:6:writeStringLCD	2
../Core/Src/main.c:233:6:moveXY	5
../Core/Src/main.c:257:5:main	1
../Core/Src/main.c:363:6:SystemClock_Config	3
../Core/Src/main.c:403:13:MX_I2C1_Init	2
../Core/Src/main.c:437:13:MX_SPI1_Init	2
../Core/Src/main.c:475:13:MX_GPIO_Init	1
../Core/Src/main.c:527:6:HAL_GPIO_EXTI_Callback	4
../Core/Src/main.c:552:6:StartDefaultTask	1
../Core/Src/main.c:570:6:StartTaskSPI_Transaction	1
../Core/Src/main.c:602:6:StartTaskDisplay	3
../Core/Src/main.c:640:6:HAL_TIM_PeriodElapsedCallback	2
../Core/Src/main.c:658:6:Error_Handler	1
