../Core/Src/main.c:124:6:HAL_SPI_RxCpltCallback	3
../Core/Src/main.c:145:6:sendData	3
../Core/Src/main.c:157:6:initLCD	1
../Core/Src/main.c:191:6:writeLCD	1
../Core/Src/main.c:199:6:writeStringLCD	2
../Core/Src/main.c:205:6:moveXY	5
../Core/Src/main.c:229:5:main	1
../Core/Src/main.c:334:6:SystemClock_Config	3
../Core/Src/main.c:371:13:MX_I2C1_Init	2
../Core/Src/main.c:405:13:MX_SPI1_Init	2
../Core/Src/main.c:443:13:MX_GPIO_Init	1
../Core/Src/main.c:485:6:HAL_GPIO_EXTI_Callback	4
../Core/Src/main.c:510:6:StartDefaultTask	1
../Core/Src/main.c:528:6:Start_SPI_Transmit	2
../Core/Src/main.c:559:6:Start_SPI_Recieve	2
../Core/Src/main.c:583:6:Start_display	4
../Core/Src/main.c:621:6:HAL_TIM_PeriodElapsedCallback	2
../Core/Src/main.c:639:6:Error_Handler	1
