../Core/Src/main.c:124:6:HAL_SPI_RxCpltCallback	24	static,ignoring_inline_asm
../Core/Src/main.c:145:6:sendData	24	static
../Core/Src/main.c:157:6:initLCD	24	static
../Core/Src/main.c:191:6:writeLCD	24	static
../Core/Src/main.c:199:6:writeStringLCD	24	static
../Core/Src/main.c:205:6:moveXY	24	static
../Core/Src/main.c:229:5:main	8	static
../Core/Src/main.c:334:6:SystemClock_Config	72	static
../Core/Src/main.c:371:13:MX_I2C1_Init	8	static
../Core/Src/main.c:405:13:MX_SPI1_Init	8	static
../Core/Src/main.c:443:13:MX_GPIO_Init	40	static
../Core/Src/main.c:485:6:HAL_GPIO_EXTI_Callback	24	static,ignoring_inline_asm
../Core/Src/main.c:510:6:StartDefaultTask	16	static
../Core/Src/main.c:528:6:Start_SPI_Transmit	24	static
../Core/Src/main.c:559:6:Start_SPI_Recieve	24	static
../Core/Src/main.c:583:6:Start_display	48	static
../Core/Src/main.c:621:6:HAL_TIM_PeriodElapsedCallback	16	static
../Core/Src/main.c:639:6:Error_Handler	4	static,ignoring_inline_asm
