../Core/Src/main.c:124:6:HAL_SPI_TxRxCpltCallback	24	static,ignoring_inline_asm
../Core/Src/main.c:164:6:sendData	24	static
../Core/Src/main.c:176:6:initLCD	24	static
../Core/Src/main.c:210:6:clearLCD	24	static
../Core/Src/main.c:219:6:writeLCD	24	static
../Core/Src/main.c:227:6:writeStringLCD	24	static
../Core/Src/main.c:233:6:moveXY	24	static
../Core/Src/main.c:257:5:main	8	static
../Core/Src/main.c:363:6:SystemClock_Config	72	static
../Core/Src/main.c:403:13:MX_I2C1_Init	8	static
../Core/Src/main.c:437:13:MX_SPI1_Init	8	static
../Core/Src/main.c:475:13:MX_GPIO_Init	40	static
../Core/Src/main.c:527:6:HAL_GPIO_EXTI_Callback	24	static,ignoring_inline_asm
../Core/Src/main.c:552:6:StartDefaultTask	16	static
../Core/Src/main.c:570:6:StartTaskSPI_Transaction	24	static
../Core/Src/main.c:602:6:StartTaskDisplay	48	static
../Core/Src/main.c:640:6:HAL_TIM_PeriodElapsedCallback	16	static
../Core/Src/main.c:658:6:Error_Handler	4	static,ignoring_inline_asm
