2026-08-16 12:50:36,670 [INFO] Activator:176 - 


2026-08-16 12:50:36,673 [INFO] Activator:177 - !SESSION log4j initialized
2026-08-16 12:50:44,451 [INFO] LogOutputStream:77 - [STDOUT_REDIRECT] 
2026-08-16 12:50:55,599 [INFO] ApplicationProperties:184 - Using Application install path: C:\ST\STM32CubeIDE_1.18.1\STM32CubeIDE\plugins\com.st.stm32cube.common.mx_6.14.1.202504091515
2026-08-16 12:50:55,654 [INFO] DbMcusXml:78 - Set database path to: C:\ST\STM32CubeIDE_1.18.1\STM32CubeIDE\plugins\com.st.stm32cube.common.mx_6.14.1.202504091515\\db\/mcu/
2026-08-16 12:50:55,655 [INFO] ApiDb:274 - Set plugin database path to: C:\ST\STM32CubeIDE_1.18.1\STM32CubeIDE\plugins\com.st.stm32cube.common.mx_6.14.1.202504091515\\db\/plugins/boardmanager/
2026-08-16 12:50:55,657 [WARN] ApiDb:259 - Overriding images path with different value:  => C:\ST\STM32CubeIDE_1.18.1\STM32CubeIDE\plugins\com.st.stm32cube.common.mx_6.14.1.202504091515\\db\/plugins/mcufinder/images/
2026-08-16 12:50:55,690 [INFO] ApiDb:250 - Set database path to: C:\Users\o\.stmcufinder\plugins\mcufinder//mcu/
2026-08-16 12:50:55,695 [INFO] DbMcusAds:125 - Set database path to: C:\Users\o\.stmcufinder\plugins\mcufinder//mcu/
2026-08-16 12:50:55,706 [INFO] CrossReferenceDbSqlite:203 - Set database path to: C:\Users\o\.stmcufinder\plugins\mcufinder//mcu/cs/
2026-08-16 12:50:56,307 [INFO] RulesReader:64 - Compatibility file has been processed (302 Rules)
2026-08-16 12:50:56,737 [INFO] DbMcusXml:78 - Set database path to: C:\ST\STM32CubeIDE_1.18.1\STM32CubeIDE\plugins\com.st.stm32cube.common.mx_6.14.1.202504091515\\db\/mcu/
2026-08-16 12:50:56,737 [INFO] ApiDb:274 - Set plugin database path to: C:\ST\STM32CubeIDE_1.18.1\STM32CubeIDE\plugins\com.st.stm32cube.common.mx_6.14.1.202504091515\\db\/plugins/boardmanager/
2026-08-16 12:50:56,738 [INFO] ApiDb:261 - Set plugin images path to: C:\ST\STM32CubeIDE_1.18.1\STM32CubeIDE\plugins\com.st.stm32cube.common.mx_6.14.1.202504091515\\db\/plugins/mcufinder/images/
2026-08-16 12:50:56,739 [WARN] DbFile:41 - Overriding database path with different value: C:\Users\o\.stmcufinder\plugins\mcufinder/ => C:\Users\o\.stmcufinder\plugins\mcufinder
2026-08-16 12:50:56,740 [INFO] ApiDb:250 - Set database path to: C:\Users\o\.stmcufinder\plugins\mcufinder//mcu/
2026-08-16 12:50:56,741 [WARN] DbFile:41 - Overriding database path with different value: C:\Users\o\.stmcufinder\plugins\mcufinder/ => C:\Users\o\.stmcufinder\plugins\mcufinder
2026-08-16 12:50:56,741 [INFO] DbMcusAds:125 - Set database path to: C:\Users\o\.stmcufinder\plugins\mcufinder//mcu/
2026-08-16 12:50:56,742 [WARN] DbFile:41 - Overriding database path with different value: C:\Users\o\.stmcufinder\plugins\mcufinder/ => C:\Users\o\.stmcufinder\plugins\mcufinder
2026-08-16 12:50:56,742 [WARN] DbFile:41 - Overriding database path with different value: C:\Users\o\.stmcufinder\plugins\mcufinder/ => C:\Users\o\.stmcufinder\plugins\mcufinder
2026-08-16 12:50:56,747 [INFO] CrossReferenceDbSqlite:203 - Set database path to: C:\Users\o\.stmcufinder\plugins\mcufinder//mcu/cs/
2026-08-16 12:50:57,135 [INFO] MainPanel:272 - HeapMemory: 268435456
2026-08-16 12:50:57,560 [INFO] DbMcusXml:78 - Set database path to: C:\ST\STM32CubeIDE_1.18.1\STM32CubeIDE\plugins\com.st.stm32cube.common.mx_6.14.1.202504091515\\db\/mcu/
2026-08-16 12:50:57,560 [INFO] ApiDb:274 - Set plugin database path to: C:\ST\STM32CubeIDE_1.18.1\STM32CubeIDE\plugins\com.st.stm32cube.common.mx_6.14.1.202504091515\\db\/plugins/boardmanager/
2026-08-16 12:50:57,561 [INFO] ApiDb:261 - Set plugin images path to: C:\ST\STM32CubeIDE_1.18.1\STM32CubeIDE\plugins\com.st.stm32cube.common.mx_6.14.1.202504091515\\db\/plugins/mcufinder/images/
2026-08-16 12:50:57,561 [WARN] DbFile:41 - Overriding database path with different value: C:\Users\o\.stmcufinder\plugins\mcufinder/ => C:\Users\o\.stmcufinder\plugins\mcufinder
2026-08-16 12:50:57,561 [INFO] ApiDb:250 - Set database path to: C:\Users\o\.stmcufinder\plugins\mcufinder//mcu/
2026-08-16 12:50:57,561 [WARN] DbFile:41 - Overriding database path with different value: C:\Users\o\.stmcufinder\plugins\mcufinder/ => C:\Users\o\.stmcufinder\plugins\mcufinder
2026-08-16 12:50:57,562 [INFO] DbMcusAds:125 - Set database path to: C:\Users\o\.stmcufinder\plugins\mcufinder//mcu/
2026-08-16 12:50:57,562 [WARN] DbFile:41 - Overriding database path with different value: C:\Users\o\.stmcufinder\plugins\mcufinder/ => C:\Users\o\.stmcufinder\plugins\mcufinder
2026-08-16 12:50:57,562 [WARN] DbFile:41 - Overriding database path with different value: C:\Users\o\.stmcufinder\plugins\mcufinder/ => C:\Users\o\.stmcufinder\plugins\mcufinder
2026-08-16 12:50:57,562 [INFO] CrossReferenceDbSqlite:203 - Set database path to: C:\Users\o\.stmcufinder\plugins\mcufinder//mcu/cs/
2026-08-16 12:50:57,591 [INFO] ApplicationProperties:184 - Using Application install path: C:\ST\STM32CubeIDE_1.18.1\STM32CubeIDE\plugins\com.st.stm32cube.common.mx_6.14.1.202504091515
2026-08-16 12:50:57,593 [INFO] PluginManage:196 - Search for loadable plugins [exclusion list=, ]
2026-08-16 12:50:57,595 [INFO] PluginManage:310 - Check plugin analytics
2026-08-16 12:50:58,092 [INFO] AnalyticsPlugin:253 - Accepted Software Licenses: 
2026-08-16 12:50:58,093 [INFO] AnalyticsPlugin:255 - Accepted CMSIS Pack Licenses: 
2026-08-16 12:50:58,094 [INFO] AnalyticsPlugin:257 - Accepted Firmware Licenses: 
2026-08-16 12:50:58,109 [INFO] PluginManage:359 - Loaded plugin analytics (category:tool,tabindex:-1)
2026-08-16 12:50:58,110 [INFO] PluginManage:310 - Check plugin cadmodel
2026-08-16 12:50:58,209 [INFO] CADModel:105 - Init CAD model plugin
2026-08-16 12:50:58,210 [INFO] PluginManage:359 - Loaded plugin cadmodel (category:power,tabindex:5)
2026-08-16 12:50:58,211 [INFO] PluginManage:310 - Check plugin clock
2026-08-16 12:50:58,323 [INFO] PluginManage:359 - Loaded plugin clock (category:base,tabindex:2)
2026-08-16 12:50:58,324 [INFO] PluginManage:310 - Check plugin ddr
2026-08-16 12:50:58,335 [INFO] PluginManage:359 - Loaded plugin ddr (category:tool,tabindex:6)
2026-08-16 12:50:58,335 [INFO] PluginManage:310 - Check plugin filemanager
2026-08-16 12:50:58,855 [INFO] PluginManage:359 - Loaded plugin filemanager (category:base,tabindex:10)
2026-08-16 12:50:58,855 [INFO] PluginManage:310 - Check plugin ipmanager
2026-08-16 12:50:58,868 [INFO] PluginManage:359 - Loaded plugin ipmanager (category:base,tabindex:5)
2026-08-16 12:50:58,868 [INFO] PluginManage:310 - Check plugin lpbam
2026-08-16 12:50:58,924 [INFO] PluginManage:359 - Loaded plugin lpbam (category:base,tabindex:0)
2026-08-16 12:50:58,925 [INFO] PluginManage:310 - Check plugin memorymap
2026-08-16 12:50:58,988 [INFO] PluginManage:359 - Loaded plugin memorymap (category:base,tabindex:4)
2026-08-16 12:50:58,989 [INFO] PluginManage:310 - Check plugin pinoutandconfiguration
2026-08-16 12:50:59,102 [INFO] PluginManage:359 - Loaded plugin pinoutandconfiguration (category:base,tabindex:1)
2026-08-16 12:50:59,153 [INFO] PluginManage:310 - Check plugin pinoutconfig
2026-08-16 12:50:59,677 [WARN] SupportedApi:132 - Cannot load RTOS API schema: s4s-elt-must-match.1: The content of 'definitions' must match (annotation?, (simpleType | complexType)?, (unique | key | keyref)*)). A problem was found starting at: attribute.
2026-08-16 12:51:00,039 [INFO] PluginManage:359 - Loaded plugin pinoutconfig (category:base,tabindex:0)
2026-08-16 12:51:00,040 [INFO] PluginManage:310 - Check plugin power
2026-08-16 12:51:00,075 [INFO] PluginManage:359 - Loaded plugin power (category:power,tabindex:4)
2026-08-16 12:51:00,075 [INFO] PluginManage:310 - Check plugin projectmanager
2026-08-16 12:51:00,101 [INFO] PluginManage:359 - Loaded plugin projectmanager (category:projectmanager,tabindex:4)
2026-08-16 12:51:00,101 [INFO] PluginManage:310 - Check plugin rif
2026-08-16 12:51:00,130 [INFO] PluginManage:359 - Loaded plugin rif (category:base,tabindex:3)
2026-08-16 12:51:00,131 [INFO] PluginManage:310 - Check plugin thirdparty
2026-08-16 12:51:01,362 [INFO] PluginManage:359 - Loaded plugin thirdparty (category:base,tabindex:-1)
2026-08-16 12:51:01,363 [INFO] PluginManage:310 - Check plugin tools
2026-08-16 12:51:01,362 [WARN] IntegrityCheckThread:84 - waiting for thirdparty lock release [integrity check]
2026-08-16 12:51:01,364 [INFO] IntegrityCheckThread:86 - entering critical section [integrity check]
2026-08-16 12:51:01,366 [INFO] ThirdPartyUpdaterWithRetryManager:70 - Updater plugin not ready yet. [1/15]
2026-08-16 12:51:01,647 [INFO] PluginManage:359 - Loaded plugin tools (category:base,tabindex:7)
2026-08-16 12:51:01,648 [INFO] PluginManage:310 - Check plugin tutovideos
2026-08-16 12:51:02,481 [INFO] PluginManage:359 - Loaded plugin tutovideos (category:base,tabindex:-1)
2026-08-16 12:51:02,481 [INFO] PluginManage:310 - Check plugin updater
2026-08-16 12:51:02,517 [INFO] PluginManage:359 - Loaded plugin updater (category:base,tabindex:12)
2026-08-16 12:51:02,518 [INFO] PluginManage:310 - Check plugin userauth
2026-08-16 12:51:02,524 [INFO] UserAuth:118 - Init User Auth plugin
2026-08-16 12:51:02,525 [INFO] PluginManage:359 - Loaded plugin userauth (category:base,tabindex:14)
2026-08-16 12:51:02,526 [INFO] PluginManage:283 - PluginManage : Loaded plugins [18]
2026-08-16 12:51:03,329 [INFO] PinOutPanel:1589 - setPackage(No Configuration,No Configuration)
2026-08-16 12:51:03,802 [INFO] CADModel:165 - CPN selected for project level
2026-08-16 12:51:03,803 [INFO] CADModel:114 - Register for checkConnection events
2026-08-16 12:51:03,935 [INFO] IPUIPlugin:80 - create IPUIPlugin
2026-08-16 12:51:03,936 [INFO] PluginManager:220 - loadIPPluginJar : add adc
2026-08-16 12:51:04,233 [INFO] IPUIPlugin:80 - create IPUIPlugin
2026-08-16 12:51:04,234 [INFO] PluginManager:220 - loadIPPluginJar : add aes
2026-08-16 12:51:04,367 [INFO] IPUIPlugin:80 - create IPUIPlugin
2026-08-16 12:51:04,367 [INFO] ThirdPartyUpdaterWithRetryManager:70 - Updater plugin not ready yet. [2/15]
2026-08-16 12:51:04,367 [INFO] PluginManager:220 - loadIPPluginJar : add can
2026-08-16 12:51:04,416 [INFO] IPUIPlugin:80 - create IPUIPlugin
2026-08-16 12:51:04,416 [INFO] PluginManager:220 - loadIPPluginJar : add comp
2026-08-16 12:51:04,483 [INFO] IPUIPlugin:80 - create IPUIPlugin
2026-08-16 12:51:04,483 [INFO] PluginManager:220 - loadIPPluginJar : add cryp
2026-08-16 12:51:04,506 [INFO] IPUIPlugin:80 - create IPUIPlugin
2026-08-16 12:51:04,506 [INFO] PluginManager:220 - loadIPPluginJar : add ddr_ctrl_phy
2026-08-16 12:51:04,566 [INFO] IPUIPlugin:80 - create IPUIPlugin
2026-08-16 12:51:04,566 [INFO] PluginManager:220 - loadIPPluginJar : add dfsdm
2026-08-16 12:51:04,593 [INFO] IPUIPlugin:80 - create IPUIPlugin
2026-08-16 12:51:04,594 [INFO] PluginManager:220 - loadIPPluginJar : add dma
2026-08-16 12:51:04,681 [INFO] IPUIPlugin:80 - create IPUIPlugin
2026-08-16 12:51:04,681 [INFO] PluginManager:220 - loadIPPluginJar : add dma3
2026-08-16 12:51:04,790 [INFO] IPUIPlugin:80 - create IPUIPlugin
2026-08-16 12:51:04,790 [INFO] PluginManager:220 - loadIPPluginJar : add extmemmanager
2026-08-16 12:51:04,831 [INFO] IPUIPlugin:80 - create IPUIPlugin
2026-08-16 12:51:04,832 [INFO] PluginManager:220 - loadIPPluginJar : add fatfs
2026-08-16 12:51:04,926 [INFO] IPUIPlugin:80 - create IPUIPlugin
2026-08-16 12:51:04,926 [INFO] PluginManager:220 - loadIPPluginJar : add fmc
2026-08-16 12:51:04,952 [INFO] IPUIPlugin:80 - create IPUIPlugin
2026-08-16 12:51:04,953 [INFO] PluginManager:220 - loadIPPluginJar : add freertos
2026-08-16 12:51:04,993 [INFO] IPUIPlugin:80 - create IPUIPlugin
2026-08-16 12:51:04,993 [INFO] PluginManager:220 - loadIPPluginJar : add genericplugin
2026-08-16 12:51:05,169 [INFO] IPUIPlugin:80 - create IPUIPlugin
2026-08-16 12:51:05,170 [INFO] PluginManager:220 - loadIPPluginJar : add gfxmmu
2026-08-16 12:51:05,454 [INFO] IPUIPlugin:80 - create IPUIPlugin
2026-08-16 12:51:05,455 [INFO] PluginManager:220 - loadIPPluginJar : add gic
2026-08-16 12:51:05,478 [INFO] IPUIPlugin:80 - create IPUIPlugin
2026-08-16 12:51:05,478 [INFO] PluginManager:220 - loadIPPluginJar : add gpio
2026-08-16 12:51:05,702 [INFO] IPUIPlugin:80 - create IPUIPlugin
2026-08-16 12:51:05,702 [INFO] PluginManager:220 - loadIPPluginJar : add gtzc
2026-08-16 12:51:05,771 [INFO] IPUIPlugin:80 - create IPUIPlugin
2026-08-16 12:51:05,772 [INFO] PluginManager:220 - loadIPPluginJar : add hash
2026-08-16 12:51:05,887 [INFO] IPUIPlugin:80 - create IPUIPlugin
2026-08-16 12:51:05,887 [INFO] PluginManager:220 - loadIPPluginJar : add i2c
2026-08-16 12:51:05,976 [INFO] IPUIPlugin:80 - create IPUIPlugin
2026-08-16 12:51:05,976 [INFO] PluginManager:220 - loadIPPluginJar : add i2s
2026-08-16 12:51:06,067 [INFO] IPUIPlugin:80 - create IPUIPlugin
2026-08-16 12:51:06,067 [INFO] PluginManager:220 - loadIPPluginJar : add i3c
2026-08-16 12:51:06,323 [INFO] IPUIPlugin:80 - create IPUIPlugin
2026-08-16 12:51:06,323 [INFO] PluginManager:220 - loadIPPluginJar : add ipddr
2026-08-16 12:51:06,519 [INFO] IPUIPlugin:80 - create IPUIPlugin
2026-08-16 12:51:06,520 [INFO] PluginManager:220 - loadIPPluginJar : add linkedlist
2026-08-16 12:51:06,593 [INFO] IPUIPlugin:80 - create IPUIPlugin
2026-08-16 12:51:06,593 [INFO] PluginManager:220 - loadIPPluginJar : add lorawan
2026-08-16 12:51:06,673 [INFO] IPUIPlugin:80 - create IPUIPlugin
2026-08-16 12:51:06,673 [INFO] PluginManager:220 - loadIPPluginJar : add ltdc
2026-08-16 12:51:06,699 [INFO] IPUIPlugin:80 - create IPUIPlugin
2026-08-16 12:51:06,699 [INFO] PluginManager:220 - loadIPPluginJar : add mdma
2026-08-16 12:51:06,723 [INFO] IPUIPlugin:80 - create IPUIPlugin
2026-08-16 12:51:06,723 [INFO] PluginManager:220 - loadIPPluginJar : add nvic
2026-08-16 12:51:06,805 [INFO] IPUIPlugin:80 - create IPUIPlugin
2026-08-16 12:51:06,806 [INFO] PluginManager:220 - loadIPPluginJar : add opamp
2026-08-16 12:51:06,937 [INFO] IPUIPlugin:80 - create IPUIPlugin
2026-08-16 12:51:06,937 [INFO] PluginManager:220 - loadIPPluginJar : add openamp
2026-08-16 12:51:07,218 [INFO] IPUIPlugin:80 - create IPUIPlugin
2026-08-16 12:51:07,219 [INFO] PluginManager:220 - loadIPPluginJar : add pdm2pcm
2026-08-16 12:51:07,302 [INFO] IPUIPlugin:80 - create IPUIPlugin
2026-08-16 12:51:07,312 [INFO] PluginManager:220 - loadIPPluginJar : add plateformsettings
2026-08-16 12:51:07,369 [INFO] ThirdPartyUpdaterWithRetryManager:70 - Updater plugin not ready yet. [3/15]
2026-08-16 12:51:07,470 [INFO] IPUIPlugin:80 - create IPUIPlugin
2026-08-16 12:51:07,470 [INFO] PluginManager:220 - loadIPPluginJar : add quadspi
2026-08-16 12:51:07,661 [INFO] IPUIPlugin:80 - create IPUIPlugin
2026-08-16 12:51:07,664 [INFO] PluginManager:220 - loadIPPluginJar : add radio
2026-08-16 12:51:07,754 [INFO] IPUIPlugin:80 - create IPUIPlugin
2026-08-16 12:51:07,754 [INFO] PluginManager:220 - loadIPPluginJar : add resmgrutility
2026-08-16 12:51:08,183 [INFO] IPUIPlugin:80 - create IPUIPlugin
2026-08-16 12:51:08,183 [INFO] PluginManager:220 - loadIPPluginJar : add sai
2026-08-16 12:51:08,477 [INFO] IPUIPlugin:80 - create IPUIPlugin
2026-08-16 12:51:08,478 [INFO] PluginManager:220 - loadIPPluginJar : add spi
2026-08-16 12:51:09,215 [INFO] IPUIPlugin:80 - create IPUIPlugin
2026-08-16 12:51:09,216 [INFO] PluginManager:220 - loadIPPluginJar : add stm32_wpan
2026-08-16 12:51:09,344 [INFO] IPUIPlugin:80 - create IPUIPlugin
2026-08-16 12:51:09,344 [INFO] PluginManager:220 - loadIPPluginJar : add tim
2026-08-16 12:51:09,473 [INFO] IPUIPlugin:80 - create IPUIPlugin
2026-08-16 12:51:09,474 [INFO] PluginManager:220 - loadIPPluginJar : add touchsensing
2026-08-16 12:51:09,518 [INFO] IPUIPlugin:80 - create IPUIPlugin
2026-08-16 12:51:09,519 [INFO] PluginManager:220 - loadIPPluginJar : add tracer_emb
2026-08-16 12:51:09,564 [INFO] IPUIPlugin:80 - create IPUIPlugin
2026-08-16 12:51:09,564 [INFO] PluginManager:220 - loadIPPluginJar : add ts
2026-08-16 12:51:09,609 [INFO] IPUIPlugin:80 - create IPUIPlugin
2026-08-16 12:51:09,609 [INFO] PluginManager:220 - loadIPPluginJar : add tsc
2026-08-16 12:51:09,660 [INFO] IPUIPlugin:80 - create IPUIPlugin
2026-08-16 12:51:09,660 [INFO] PluginManager:220 - loadIPPluginJar : add ucpd
2026-08-16 12:51:09,763 [INFO] IPUIPlugin:80 - create IPUIPlugin
2026-08-16 12:51:09,763 [INFO] PluginManager:220 - loadIPPluginJar : add usart
2026-08-16 12:51:09,866 [INFO] IPUIPlugin:80 - create IPUIPlugin
2026-08-16 12:51:09,866 [INFO] PluginManager:220 - loadIPPluginJar : add usbx
2026-08-16 12:51:10,154 [FATAL] Updater:351 - Updater called before beeing initialized
2026-08-16 12:51:10,300 [INFO] RulesReader:64 - Compatibility file has been processed (302 Rules)
2026-08-16 12:51:10,371 [INFO] ThirdPartyUpdaterWithRetryManager:70 - Updater plugin not ready yet. [4/15]
2026-08-16 12:51:10,377 [INFO] RulesReader:64 - Compatibility file has been processed (302 Rules)
2026-08-16 12:51:10,406 [INFO] CADModel:165 - CPN selected for project level
2026-08-16 12:51:10,406 [INFO] CADModel:114 - Register for checkConnection events
2026-08-16 12:51:10,407 [FATAL] Updater:351 - Updater called before beeing initialized
2026-08-16 12:51:10,407 [ERROR] CADModel:125 - Updater not yet initialized, retry later 
2026-08-16 12:51:11,066 [FATAL] Updater:351 - Updater called before beeing initialized
2026-08-16 12:51:11,074 [INFO] CADModel:165 - CPN selected for project level
2026-08-16 12:51:11,074 [INFO] CADModel:114 - Register for checkConnection events
2026-08-16 12:51:11,075 [FATAL] Updater:351 - Updater called before beeing initialized
2026-08-16 12:51:11,075 [ERROR] CADModel:125 - Updater not yet initialized, retry later 
2026-08-16 12:51:11,090 [FATAL] Updater:351 - Updater called before beeing initialized
2026-08-16 12:51:11,674 [FATAL] Updater:351 - Updater called before beeing initialized
2026-08-16 12:51:11,742 [INFO] DbMcusAds:53 - JSON generation date=Wed Jul 15 12:44:54 MSK 2026 (1784108694001)
2026-08-16 12:51:11,743 [FATAL] Updater:351 - Updater called before beeing initialized
2026-08-16 12:51:11,991 [WARN] DetailPanel:346 - Failed to get advertising image, set to default
2026-08-16 12:51:12,612 [FATAL] Updater:351 - Updater called before beeing initialized
2026-08-16 12:51:12,615 [FATAL] Updater:351 - Updater called before beeing initialized
2026-08-16 12:51:12,616 [FATAL] Updater:351 - Updater called before beeing initialized
2026-08-16 12:51:12,616 [WARN] DetailPanel:346 - Failed to get advertising image, set to default
2026-08-16 12:51:12,617 [FATAL] Updater:351 - Updater called before beeing initialized
2026-08-16 12:51:12,784 [ERROR] Updater:1198 - MainUpdater not yet initialized. External WinMGr cannot be set.
2026-08-16 12:51:12,870 [INFO] Updater:1134 - Updater Version found : 6.14.1
2026-08-16 12:51:12,944 [INFO] ApplicationProperties:184 - Using Application install path: C:\ST\STM32CubeIDE_1.18.1\STM32CubeIDE\plugins\com.st.stm32cube.common.mx_6.14.1.202504091515
2026-08-16 12:51:13,372 [FATAL] Updater:351 - Updater called before beeing initialized
2026-08-16 12:51:13,374 [ERROR] IntegrityCheckThread:130 - Cannot retrieve database content from updater: error 21
2026-08-16 12:51:13,375 [INFO] ThirdParty:978 - Integrity check success = false
2026-08-16 12:51:13,375 [INFO] IntegrityCheckThread:100 - exiting critical section [integrity check]
2026-08-16 12:51:13,376 [INFO] IntegrityCheckThread:103 - End integrity checks thread
2026-08-16 12:51:14,201 [INFO] RetryExec:97 - I/O exception (java.net.SocketException) caught when processing request to {s}->https://sw-center.st.com:443: Permission denied: getsockopt
2026-08-16 12:51:14,203 [INFO] RetryExec:113 - Retrying request to {s}->https://sw-center.st.com:443
2026-08-16 12:51:14,207 [INFO] RetryExec:97 - I/O exception (java.net.SocketException) caught when processing request to {s}->https://sw-center.st.com:443: Permission denied: getsockopt
2026-08-16 12:51:14,207 [INFO] RetryExec:113 - Retrying request to {s}->https://sw-center.st.com:443
2026-08-16 12:51:14,210 [INFO] RetryExec:97 - I/O exception (java.net.SocketException) caught when processing request to {s}->https://sw-center.st.com:443: Permission denied: getsockopt
2026-08-16 12:51:14,211 [INFO] RetryExec:113 - Retrying request to {s}->https://sw-center.st.com:443
2026-08-16 12:51:14,228 [INFO] MainUpdater:2872 - connection check result : 22
2026-08-16 12:51:14,231 [INFO] MainUpdater:289 - Updater Check For Update Now.
2026-08-16 12:51:14,232 [INFO] MicroXplorer:498 - Change Database Version : DB.6.0.141
2026-08-16 12:51:14,315 [INFO] McuFinderGlobals:63 - Set McuFinder mode to 2 (CubeIDE integrated)
2026-08-16 12:51:14,317 [INFO] UserAuth:171 - activating auth plugin
2026-08-16 12:51:14,329 [INFO] UserAuth:484 - Internet connection configuration mode: 2
2026-08-16 12:51:14,407 [INFO] UserAuth:484 - Internet connection configuration mode: 2
2026-08-16 12:51:15,130 [INFO] CheckServerUpdateThread:120 - End of CheckServer Thread
